..\.venv\Scripts\python.exe 
: 
ERROR:app.rag_service:Error 
initializing Ollama 
embeddings: 1 validation 
error for OllamaEmbeddings
At line:1 char:1
+ 
..\.venv\Scripts\python.exe 
app/test_init.py > 
test_output.txt 2>&1
+ ~~~~~~~~~~~~~~~~~~~~~~~~~~~
~~~~~~~~~~~~~~~~~~~~~~~~~~~~~
~~~~~~~~~~~
    + CategoryInfo           
   : NotSpecified: (ERROR:a  
  pp.rag_s...llamaEmbeddin   
 gs:String) [], RemoteExc    
eption
    + FullyQualifiedErrorId  
   : NativeCommandError
 
request_timeout
  extra fields not permitted 
(type=value_error.extra)
ERROR:chromadb.telemetry.prod
uct.posthog:Failed to send 
telemetry event 
ClientStartEvent: capture() 
takes 1 positional argument 
but 3 were given
ERROR:chromadb.telemetry.prod
uct.posthog:Failed to send 
telemetry event 
ClientCreateCollectionEvent: 
capture() takes 1 positional 
argument but 3 were given
Starting test...
Attempting to import Chroma...
SUCCESS: Imported Chroma libraries.
Attempting to import RAGService...
SUCCESS: Imported RAGService
Attempting to initialize RAGService...
ERROR: Vector DB failed to initialize.
